---
created: "2019-04-03T13:35:32.054576177Z"
creator: insta@0.7.4
source: crates/ra_ide_api/src/completion/completion_item.rs
expression: kind_completions
---
[
    CompletionItem {
        label: "foo",
        source_range: [122; 122),
        delete: [122; 122),
        insert: "fn foo(a: u32)-> bool { $0 }",
        kind: Function
    }
]
